// Jest Snapshot v1, https://goo.gl/fbAQLP

exports[`AreaChart 渲染AreaChart测试 1`] = `<div />`;
