// Jest Snapshot v1, https://goo.gl/fbAQLP

exports[`BarChart 渲染BarChart测试 1`] = `<div />`;
