// Jest Snapshot v1, https://goo.gl/fbAQLP

exports[`BidirectionalBarChart 渲染BidirectionalBarChart测试 1`] = `<div />`;
